// Jest Snapshot v1, https://goo.gl/fbAQLP

exports[`OSSContributions スナップショットテスト OSS活動が描画される 1`] = `
<div>
  <div
    style="margin-bottom: 0.2rem;"
  >
    <nav
      class="navbar"
      style="margin: 0px; padding: 0px; background-color: transparent; box-shadow: none; height: inherit;"
    >
      <div
        class="navbar__inner"
      >
        <div
          class="navbar__items"
        >
          <div
            class="navbar__search"
          >
            <input
              class="navbar__search-input"
              maxlength="100"
              placeholder="検索"
              type="text"
              value=""
            />
          </div>
          <div
            class="navbar__item"
          >
            32
             件
          </div>
        </div>
        <div
          class="navbar__items navbar__items--right"
        >
          <div
            class="navbar__item"
          >
            <ul
              class="pagination"
              style="margin: 0px;"
            >
              <li
                class="pagination__item"
              >
                <a
                  class="pagination__link"
                  data-mock="LinkMock"
                  href="#"
                  to="#"
                >
                  «
                </a>
              </li>
              <li
                class="pagination__item pagination__item--active"
              >
                <a
                  class="pagination__link"
                  data-mock="LinkMock"
                  href="#"
                  to="#"
                >
                  1
                </a>
              </li>
              <li
                class="pagination__item "
              >
                <a
                  class="pagination__link"
                  data-mock="LinkMock"
                  href="#"
                  to="#"
                >
                  2
                </a>
              </li>
              <li
                class="pagination__item "
              >
                <a
                  class="pagination__link"
                  data-mock="LinkMock"
                  href="#"
                  to="#"
                >
                  3
                </a>
              </li>
              <li
                class="pagination__item"
              >
                <span>
                  …
                </span>
              </li>
              <li
                class="pagination__item"
              >
                <a
                  class="pagination__link"
                  data-mock="LinkMock"
                  href="#"
                  to="#"
                >
                  »
                </a>
              </li>
            </ul>
          </div>
        </div>
      </div>
    </nav>
  </div>
  <table
    style="margin: 0px;"
  >
    <thead>
      <tr>
        <th
          style="text-align: center; width: 10%;"
        >
          日付
        </th>
        <th
          style="text-align: left; width: 40%;"
        >
          タイトル
        </th>
        <th
          style="text-align: left; width: 40%;"
        >
          リポジトリ
        </th>
        <th
          style="text-align: left; width: 10%;"
        >
          タグ
        </th>
      </tr>
    </thead>
    <tbody>
      <tr>
        <td>
          2024/1/9
        </td>
        <td>
          <a
            data-mock="LinkMock"
            href="https://github.com/databus23/helm-diff/pull/491"
            rel="noopener noreferrer"
            target="_blank"
            to="https://github.com/databus23/helm-diff/pull/491"
          >
            Fix description of diff suppress option
          </a>
        </td>
        <td>
          <a
            data-mock="LinkMock"
            href="https://github.com/databus23/helm-diff"
            rel="noopener noreferrer"
            target="_blank"
            to="https://github.com/databus23/helm-diff"
          >
            databus23/helm-diff
          </a>
        </td>
        <td>
          <div
            style="display: flex; gap: 0.2rem; flex-wrap: wrap;"
          >
            <div
              class="badge badge--primary"
              style="white-space: nowrap;"
            >
              <svg
                fill="currentColor"
                height="1em"
                stroke="currentColor"
                stroke-width="0"
                style="margin-right: 0.2rem; vertical-align: bottom;"
                viewBox="0 0 448 512"
                width="1em"
                xmlns="http://www.w3.org/2000/svg"
              >
                <path
                  d="M80 56a24 24 0 1 1 0 48 24 24 0 1 1 0-48zm32.4 97.2c28-12.4 47.6-40.5 47.6-73.2c0-44.2-35.8-80-80-80S0 35.8 0 80c0 32.8 19.7 61 48 73.3V358.7C19.7 371 0 399.2 0 432c0 44.2 35.8 80 80 80s80-35.8 80-80c0-32.8-19.7-61-48-73.3V272c26.7 20.1 60 32 96 32h86.7c12.3 28.3 40.5 48 73.3 48c44.2 0 80-35.8 80-80s-35.8-80-80-80c-32.8 0-61 19.7-73.3 48H208c-49.9 0-91-38.1-95.6-86.8zM80 408a24 24 0 1 1 0 48 24 24 0 1 1 0-48zM344 272a24 24 0 1 1 48 0 24 24 0 1 1 -48 0z"
                />
              </svg>
              PRマージ
            </div>
          </div>
        </td>
      </tr>
      <tr>
        <td>
          2023/11/9
        </td>
        <td>
          <a
            data-mock="LinkMock"
            href="https://github.com/hashicorp/terraform-provider-aws/pull/34312"
            rel="noopener noreferrer"
            target="_blank"
            to="https://github.com/hashicorp/terraform-provider-aws/pull/34312"
          >
            docs: fix resource id
          </a>
        </td>
        <td>
          <a
            data-mock="LinkMock"
            href="https://github.com/hashicorp/terraform-provider-aws"
            rel="noopener noreferrer"
            target="_blank"
            to="https://github.com/hashicorp/terraform-provider-aws"
          >
            hashicorp/terraform-provider-aws
          </a>
        </td>
        <td>
          <div
            style="display: flex; gap: 0.2rem; flex-wrap: wrap;"
          >
            <div
              class="badge badge--primary"
              style="white-space: nowrap;"
            >
              <svg
                fill="currentColor"
                height="1em"
                stroke="currentColor"
                stroke-width="0"
                style="margin-right: 0.2rem; vertical-align: bottom;"
                viewBox="0 0 448 512"
                width="1em"
                xmlns="http://www.w3.org/2000/svg"
              >
                <path
                  d="M80 56a24 24 0 1 1 0 48 24 24 0 1 1 0-48zm32.4 97.2c28-12.4 47.6-40.5 47.6-73.2c0-44.2-35.8-80-80-80S0 35.8 0 80c0 32.8 19.7 61 48 73.3V358.7C19.7 371 0 399.2 0 432c0 44.2 35.8 80 80 80s80-35.8 80-80c0-32.8-19.7-61-48-73.3V272c26.7 20.1 60 32 96 32h86.7c12.3 28.3 40.5 48 73.3 48c44.2 0 80-35.8 80-80s-35.8-80-80-80c-32.8 0-61 19.7-73.3 48H208c-49.9 0-91-38.1-95.6-86.8zM80 408a24 24 0 1 1 0 48 24 24 0 1 1 0-48zM344 272a24 24 0 1 1 48 0 24 24 0 1 1 -48 0z"
                />
              </svg>
              PRマージ
            </div>
          </div>
        </td>
      </tr>
      <tr>
        <td>
          2023/10/17
        </td>
        <td>
          <a
            data-mock="LinkMock"
            href="https://github.com/aws/aws-eks-best-practices/pull/398"
            rel="noopener noreferrer"
            target="_blank"
            to="https://github.com/aws/aws-eks-best-practices/pull/398"
          >
            fix broken link
          </a>
        </td>
        <td>
          <a
            data-mock="LinkMock"
            href="https://github.com/aws/aws-eks-best-practices"
            rel="noopener noreferrer"
            target="_blank"
            to="https://github.com/aws/aws-eks-best-practices"
          >
            aws/aws-eks-best-practices
          </a>
        </td>
        <td>
          <div
            style="display: flex; gap: 0.2rem; flex-wrap: wrap;"
          >
            <div
              class="badge badge--primary"
              style="white-space: nowrap;"
            >
              <svg
                fill="currentColor"
                height="1em"
                stroke="currentColor"
                stroke-width="0"
                style="margin-right: 0.2rem; vertical-align: bottom;"
                viewBox="0 0 448 512"
                width="1em"
                xmlns="http://www.w3.org/2000/svg"
              >
                <path
                  d="M80 56a24 24 0 1 1 0 48 24 24 0 1 1 0-48zm32.4 97.2c28-12.4 47.6-40.5 47.6-73.2c0-44.2-35.8-80-80-80S0 35.8 0 80c0 32.8 19.7 61 48 73.3V358.7C19.7 371 0 399.2 0 432c0 44.2 35.8 80 80 80s80-35.8 80-80c0-32.8-19.7-61-48-73.3V272c26.7 20.1 60 32 96 32h86.7c12.3 28.3 40.5 48 73.3 48c44.2 0 80-35.8 80-80s-35.8-80-80-80c-32.8 0-61 19.7-73.3 48H208c-49.9 0-91-38.1-95.6-86.8zM80 408a24 24 0 1 1 0 48 24 24 0 1 1 0-48zM344 272a24 24 0 1 1 48 0 24 24 0 1 1 -48 0z"
                />
              </svg>
              PRマージ
            </div>
          </div>
        </td>
      </tr>
      <tr>
        <td>
          2023/9/14
        </td>
        <td>
          <a
            data-mock="LinkMock"
            href="https://github.com/helmfile/helmfile/pull/1019"
            rel="noopener noreferrer"
            target="_blank"
            to="https://github.com/helmfile/helmfile/pull/1019"
          >
            Add diffArgs to helmDefaults
          </a>
        </td>
        <td>
          <a
            data-mock="LinkMock"
            href="https://github.com/helmfile/helmfile"
            rel="noopener noreferrer"
            target="_blank"
            to="https://github.com/helmfile/helmfile"
          >
            helmfile/helmfile
          </a>
        </td>
        <td>
          <div
            style="display: flex; gap: 0.2rem; flex-wrap: wrap;"
          >
            <div
              class="badge badge--primary"
              style="white-space: nowrap;"
            >
              <svg
                fill="currentColor"
                height="1em"
                stroke="currentColor"
                stroke-width="0"
                style="margin-right: 0.2rem; vertical-align: bottom;"
                viewBox="0 0 448 512"
                width="1em"
                xmlns="http://www.w3.org/2000/svg"
              >
                <path
                  d="M80 56a24 24 0 1 1 0 48 24 24 0 1 1 0-48zm32.4 97.2c28-12.4 47.6-40.5 47.6-73.2c0-44.2-35.8-80-80-80S0 35.8 0 80c0 32.8 19.7 61 48 73.3V358.7C19.7 371 0 399.2 0 432c0 44.2 35.8 80 80 80s80-35.8 80-80c0-32.8-19.7-61-48-73.3V272c26.7 20.1 60 32 96 32h86.7c12.3 28.3 40.5 48 73.3 48c44.2 0 80-35.8 80-80s-35.8-80-80-80c-32.8 0-61 19.7-73.3 48H208c-49.9 0-91-38.1-95.6-86.8zM80 408a24 24 0 1 1 0 48 24 24 0 1 1 0-48zM344 272a24 24 0 1 1 48 0 24 24 0 1 1 -48 0z"
                />
              </svg>
              PRマージ
            </div>
          </div>
        </td>
      </tr>
      <tr>
        <td>
          2023/6/17
        </td>
        <td>
          <a
            data-mock="LinkMock"
            href="https://github.com/hashicorp/terraform-provider-aws/pull/27604"
            rel="noopener noreferrer"
            target="_blank"
            to="https://github.com/hashicorp/terraform-provider-aws/pull/27604"
          >
            Add import of \`aws_ses_active_receipt_rule_set\` resource
          </a>
        </td>
        <td>
          <a
            data-mock="LinkMock"
            href="https://github.com/hashicorp/terraform-provider-aws"
            rel="noopener noreferrer"
            target="_blank"
            to="https://github.com/hashicorp/terraform-provider-aws"
          >
            hashicorp/terraform-provider-aws
          </a>
        </td>
        <td>
          <div
            style="display: flex; gap: 0.2rem; flex-wrap: wrap;"
          >
            <div
              class="badge badge--primary"
              style="white-space: nowrap;"
            >
              <svg
                fill="currentColor"
                height="1em"
                stroke="currentColor"
                stroke-width="0"
                style="margin-right: 0.2rem; vertical-align: bottom;"
                viewBox="0 0 448 512"
                width="1em"
                xmlns="http://www.w3.org/2000/svg"
              >
                <path
                  d="M80 56a24 24 0 1 1 0 48 24 24 0 1 1 0-48zm32.4 97.2c28-12.4 47.6-40.5 47.6-73.2c0-44.2-35.8-80-80-80S0 35.8 0 80c0 32.8 19.7 61 48 73.3V358.7C19.7 371 0 399.2 0 432c0 44.2 35.8 80 80 80s80-35.8 80-80c0-32.8-19.7-61-48-73.3V272c26.7 20.1 60 32 96 32h86.7c12.3 28.3 40.5 48 73.3 48c44.2 0 80-35.8 80-80s-35.8-80-80-80c-32.8 0-61 19.7-73.3 48H208c-49.9 0-91-38.1-95.6-86.8zM80 408a24 24 0 1 1 0 48 24 24 0 1 1 0-48zM344 272a24 24 0 1 1 48 0 24 24 0 1 1 -48 0z"
                />
              </svg>
              PRマージ
            </div>
          </div>
        </td>
      </tr>
      <tr>
        <td>
          2023/5/7
        </td>
        <td>
          <a
            data-mock="LinkMock"
            href="https://github.com/ebitengine/ebitengine.org/pull/17"
            rel="noopener noreferrer"
            target="_blank"
            to="https://github.com/ebitengine/ebitengine.org/pull/17"
          >
            add about go run in wsl
          </a>
        </td>
        <td>
          <a
            data-mock="LinkMock"
            href="https://github.com/ebitengine/ebitengine.org"
            rel="noopener noreferrer"
            target="_blank"
            to="https://github.com/ebitengine/ebitengine.org"
          >
            ebitengine/ebitengine.org
          </a>
        </td>
        <td>
          <div
            style="display: flex; gap: 0.2rem; flex-wrap: wrap;"
          >
            <div
              class="badge badge--primary"
              style="white-space: nowrap;"
            >
              <svg
                fill="currentColor"
                height="1em"
                stroke="currentColor"
                stroke-width="0"
                style="margin-right: 0.2rem; vertical-align: bottom;"
                viewBox="0 0 448 512"
                width="1em"
                xmlns="http://www.w3.org/2000/svg"
              >
                <path
                  d="M80 56a24 24 0 1 1 0 48 24 24 0 1 1 0-48zm32.4 97.2c28-12.4 47.6-40.5 47.6-73.2c0-44.2-35.8-80-80-80S0 35.8 0 80c0 32.8 19.7 61 48 73.3V358.7C19.7 371 0 399.2 0 432c0 44.2 35.8 80 80 80s80-35.8 80-80c0-32.8-19.7-61-48-73.3V272c26.7 20.1 60 32 96 32h86.7c12.3 28.3 40.5 48 73.3 48c44.2 0 80-35.8 80-80s-35.8-80-80-80c-32.8 0-61 19.7-73.3 48H208c-49.9 0-91-38.1-95.6-86.8zM80 408a24 24 0 1 1 0 48 24 24 0 1 1 0-48zM344 272a24 24 0 1 1 48 0 24 24 0 1 1 -48 0z"
                />
              </svg>
              PRマージ
            </div>
          </div>
        </td>
      </tr>
      <tr>
        <td>
          2023/3/20
        </td>
        <td>
          <a
            data-mock="LinkMock"
            href="https://github.com/cloudflare/terraform-provider-cloudflare/pull/2298"
            rel="noopener noreferrer"
            target="_blank"
            to="https://github.com/cloudflare/terraform-provider-cloudflare/pull/2298"
          >
            add import \`cloudflare_tunnel_config\`
          </a>
        </td>
        <td>
          <a
            data-mock="LinkMock"
            href="https://github.com/cloudflare/terraform-provider-cloudflare"
            rel="noopener noreferrer"
            target="_blank"
            to="https://github.com/cloudflare/terraform-provider-cloudflare"
          >
            cloudflare/terraform-provider-cloudflare
          </a>
        </td>
        <td>
          <div
            style="display: flex; gap: 0.2rem; flex-wrap: wrap;"
          >
            <div
              class="badge badge--primary"
              style="white-space: nowrap;"
            >
              <svg
                fill="currentColor"
                height="1em"
                stroke="currentColor"
                stroke-width="0"
                style="margin-right: 0.2rem; vertical-align: bottom;"
                viewBox="0 0 448 512"
                width="1em"
                xmlns="http://www.w3.org/2000/svg"
              >
                <path
                  d="M80 56a24 24 0 1 1 0 48 24 24 0 1 1 0-48zm32.4 97.2c28-12.4 47.6-40.5 47.6-73.2c0-44.2-35.8-80-80-80S0 35.8 0 80c0 32.8 19.7 61 48 73.3V358.7C19.7 371 0 399.2 0 432c0 44.2 35.8 80 80 80s80-35.8 80-80c0-32.8-19.7-61-48-73.3V272c26.7 20.1 60 32 96 32h86.7c12.3 28.3 40.5 48 73.3 48c44.2 0 80-35.8 80-80s-35.8-80-80-80c-32.8 0-61 19.7-73.3 48H208c-49.9 0-91-38.1-95.6-86.8zM80 408a24 24 0 1 1 0 48 24 24 0 1 1 0-48zM344 272a24 24 0 1 1 48 0 24 24 0 1 1 -48 0z"
                />
              </svg>
              PRマージ
            </div>
          </div>
        </td>
      </tr>
      <tr>
        <td>
          2023/2/23
        </td>
        <td>
          <a
            data-mock="LinkMock"
            href="https://github.com/FairwindsOps/pluto/pull/457"
            rel="noopener noreferrer"
            target="_blank"
            to="https://github.com/FairwindsOps/pluto/pull/457"
          >
            add: set replacement-available-in to existing version.
          </a>
        </td>
        <td>
          <a
            data-mock="LinkMock"
            href="https://github.com/FairwindsOps/pluto"
            rel="noopener noreferrer"
            target="_blank"
            to="https://github.com/FairwindsOps/pluto"
          >
            FairwindsOps/pluto
          </a>
        </td>
        <td>
          <div
            style="display: flex; gap: 0.2rem; flex-wrap: wrap;"
          >
            <div
              class="badge badge--primary"
              style="white-space: nowrap;"
            >
              <svg
                fill="currentColor"
                height="1em"
                stroke="currentColor"
                stroke-width="0"
                style="margin-right: 0.2rem; vertical-align: bottom;"
                viewBox="0 0 448 512"
                width="1em"
                xmlns="http://www.w3.org/2000/svg"
              >
                <path
                  d="M80 56a24 24 0 1 1 0 48 24 24 0 1 1 0-48zm32.4 97.2c28-12.4 47.6-40.5 47.6-73.2c0-44.2-35.8-80-80-80S0 35.8 0 80c0 32.8 19.7 61 48 73.3V358.7C19.7 371 0 399.2 0 432c0 44.2 35.8 80 80 80s80-35.8 80-80c0-32.8-19.7-61-48-73.3V272c26.7 20.1 60 32 96 32h86.7c12.3 28.3 40.5 48 73.3 48c44.2 0 80-35.8 80-80s-35.8-80-80-80c-32.8 0-61 19.7-73.3 48H208c-49.9 0-91-38.1-95.6-86.8zM80 408a24 24 0 1 1 0 48 24 24 0 1 1 0-48zM344 272a24 24 0 1 1 48 0 24 24 0 1 1 -48 0z"
                />
              </svg>
              PRマージ
            </div>
          </div>
        </td>
      </tr>
      <tr>
        <td>
          2023/2/22
        </td>
        <td>
          <a
            data-mock="LinkMock"
            href="https://github.com/FairwindsOps/pluto/pull/452"
            rel="noopener noreferrer"
            target="_blank"
            to="https://github.com/FairwindsOps/pluto/pull/452"
          >
            add replacement-available-in
          </a>
        </td>
        <td>
          <a
            data-mock="LinkMock"
            href="https://github.com/FairwindsOps/pluto"
            rel="noopener noreferrer"
            target="_blank"
            to="https://github.com/FairwindsOps/pluto"
          >
            FairwindsOps/pluto
          </a>
        </td>
        <td>
          <div
            style="display: flex; gap: 0.2rem; flex-wrap: wrap;"
          >
            <div
              class="badge badge--primary"
              style="white-space: nowrap;"
            >
              <svg
                fill="currentColor"
                height="1em"
                stroke="currentColor"
                stroke-width="0"
                style="margin-right: 0.2rem; vertical-align: bottom;"
                viewBox="0 0 448 512"
                width="1em"
                xmlns="http://www.w3.org/2000/svg"
              >
                <path
                  d="M80 56a24 24 0 1 1 0 48 24 24 0 1 1 0-48zm32.4 97.2c28-12.4 47.6-40.5 47.6-73.2c0-44.2-35.8-80-80-80S0 35.8 0 80c0 32.8 19.7 61 48 73.3V358.7C19.7 371 0 399.2 0 432c0 44.2 35.8 80 80 80s80-35.8 80-80c0-32.8-19.7-61-48-73.3V272c26.7 20.1 60 32 96 32h86.7c12.3 28.3 40.5 48 73.3 48c44.2 0 80-35.8 80-80s-35.8-80-80-80c-32.8 0-61 19.7-73.3 48H208c-49.9 0-91-38.1-95.6-86.8zM80 408a24 24 0 1 1 0 48 24 24 0 1 1 0-48zM344 272a24 24 0 1 1 48 0 24 24 0 1 1 -48 0z"
                />
              </svg>
              PRマージ
            </div>
          </div>
        </td>
      </tr>
      <tr>
        <td>
          2023/2/4
        </td>
        <td>
          <a
            data-mock="LinkMock"
            href="https://github.com/FairwindsOps/pluto/pull/448"
            rel="noopener noreferrer"
            target="_blank"
            to="https://github.com/FairwindsOps/pluto/pull/448"
          >
            fix: add removed-in to storage.k8s.io/v1beta1.CSIStorageCapacity
          </a>
        </td>
        <td>
          <a
            data-mock="LinkMock"
            href="https://github.com/FairwindsOps/pluto"
            rel="noopener noreferrer"
            target="_blank"
            to="https://github.com/FairwindsOps/pluto"
          >
            FairwindsOps/pluto
          </a>
        </td>
        <td>
          <div
            style="display: flex; gap: 0.2rem; flex-wrap: wrap;"
          >
            <div
              class="badge badge--primary"
              style="white-space: nowrap;"
            >
              <svg
                fill="currentColor"
                height="1em"
                stroke="currentColor"
                stroke-width="0"
                style="margin-right: 0.2rem; vertical-align: bottom;"
                viewBox="0 0 448 512"
                width="1em"
                xmlns="http://www.w3.org/2000/svg"
              >
                <path
                  d="M80 56a24 24 0 1 1 0 48 24 24 0 1 1 0-48zm32.4 97.2c28-12.4 47.6-40.5 47.6-73.2c0-44.2-35.8-80-80-80S0 35.8 0 80c0 32.8 19.7 61 48 73.3V358.7C19.7 371 0 399.2 0 432c0 44.2 35.8 80 80 80s80-35.8 80-80c0-32.8-19.7-61-48-73.3V272c26.7 20.1 60 32 96 32h86.7c12.3 28.3 40.5 48 73.3 48c44.2 0 80-35.8 80-80s-35.8-80-80-80c-32.8 0-61 19.7-73.3 48H208c-49.9 0-91-38.1-95.6-86.8zM80 408a24 24 0 1 1 0 48 24 24 0 1 1 0-48zM344 272a24 24 0 1 1 48 0 24 24 0 1 1 -48 0z"
                />
              </svg>
              PRマージ
            </div>
          </div>
        </td>
      </tr>
    </tbody>
  </table>
</div>
`;
