// Jest Snapshot v1, https://goo.gl/fbAQLP

exports[`OSSContributions スナップショットテスト OSS活動が描画される 1`] = `
<div>
  <div
    style="margin-bottom: 0.2rem;"
  >
    <nav
      class="navbar"
      style="margin: 0px; padding: 0px; background-color: transparent; box-shadow: none; height: inherit;"
    >
      <div
        class="navbar__inner"
      >
        <div
          class="navbar__items"
        >
          <div
            class="navbar__search"
          >
            <input
              class="navbar__search-input"
              maxlength="100"
              placeholder="検索"
              type="text"
              value=""
            />
          </div>
          <div
            class="navbar__item"
          >
            30
             件
          </div>
        </div>
        <div
          class="navbar__items navbar__items--right"
        >
          <div
            class="navbar__item"
          >
            <ul
              class="pagination"
              style="margin: 0px;"
            >
              <li
                class="pagination__item"
              >
                <a
                  class="pagination__link"
                  data-mock="LinkMock"
                  href="#"
                  to="#"
                >
                  «
                </a>
              </li>
              <li
                class="pagination__item pagination__item--active"
              >
                <a
                  class="pagination__link"
                  data-mock="LinkMock"
                  href="#"
                  to="#"
                >
                  1
                </a>
              </li>
              <li
                class="pagination__item "
              >
                <a
                  class="pagination__link"
                  data-mock="LinkMock"
                  href="#"
                  to="#"
                >
                  2
                </a>
              </li>
              <li
                class="pagination__item "
              >
                <a
                  class="pagination__link"
                  data-mock="LinkMock"
                  href="#"
                  to="#"
                >
                  3
                </a>
              </li>
              <li
                class="pagination__item"
              >
                <a
                  class="pagination__link"
                  data-mock="LinkMock"
                  href="#"
                  to="#"
                >
                  »
                </a>
              </li>
            </ul>
          </div>
        </div>
      </div>
    </nav>
  </div>
  <table
    style="margin: 0px;"
  >
    <thead>
      <tr>
        <th
          style="text-align: center; width: 10%;"
        >
          日付
        </th>
        <th
          style="text-align: left; width: 40%;"
        >
          タイトル
        </th>
        <th
          style="text-align: left; width: 40%;"
        >
          リポジトリ
        </th>
        <th
          style="text-align: left; width: 10%;"
        >
          タグ
        </th>
      </tr>
    </thead>
    <tbody>
      <tr>
        <td>
          2020/1/1
        </td>
        <td>
          <a
            data-mock="LinkMock"
            href="https://example.com/user0/repo0/pull/0"
            rel="noopener noreferrer"
            target="_blank"
            to="https://example.com/user0/repo0/pull/0"
          >
            Contribution #0
          </a>
        </td>
        <td>
          <a
            data-mock="LinkMock"
            href="https://github.com/user0/repo0"
            rel="noopener noreferrer"
            target="_blank"
            to="https://github.com/user0/repo0"
          >
            user0/repo0
          </a>
        </td>
        <td>
          <div
            style="display: flex; gap: 0.2rem; flex-wrap: wrap;"
          >
            <div
              class="badge badge--primary"
              style="white-space: nowrap;"
            >
              <svg
                fill="currentColor"
                height="1em"
                stroke="currentColor"
                stroke-width="0"
                style="margin-right: 0.2rem; vertical-align: bottom;"
                viewBox="0 0 448 512"
                width="1em"
                xmlns="http://www.w3.org/2000/svg"
              >
                <path
                  d="M80 56a24 24 0 1 1 0 48 24 24 0 1 1 0-48zm32.4 97.2c28-12.4 47.6-40.5 47.6-73.2c0-44.2-35.8-80-80-80S0 35.8 0 80c0 32.8 19.7 61 48 73.3V358.7C19.7 371 0 399.2 0 432c0 44.2 35.8 80 80 80s80-35.8 80-80c0-32.8-19.7-61-48-73.3V272c26.7 20.1 60 32 96 32h86.7c12.3 28.3 40.5 48 73.3 48c44.2 0 80-35.8 80-80s-35.8-80-80-80c-32.8 0-61 19.7-73.3 48H208c-49.9 0-91-38.1-95.6-86.8zM80 408a24 24 0 1 1 0 48 24 24 0 1 1 0-48zM344 272a24 24 0 1 1 48 0 24 24 0 1 1 -48 0z"
                />
              </svg>
              PRマージ
            </div>
          </div>
        </td>
      </tr>
      <tr>
        <td>
          2019/12/31
        </td>
        <td>
          <a
            data-mock="LinkMock"
            href="https://example.com/user1/repo1/pull/1"
            rel="noopener noreferrer"
            target="_blank"
            to="https://example.com/user1/repo1/pull/1"
          >
            Contribution #1
          </a>
        </td>
        <td>
          <a
            data-mock="LinkMock"
            href="https://github.com/user1/repo1"
            rel="noopener noreferrer"
            target="_blank"
            to="https://github.com/user1/repo1"
          >
            user1/repo1
          </a>
        </td>
        <td>
          <div
            style="display: flex; gap: 0.2rem; flex-wrap: wrap;"
          >
            <div
              class="badge badge--primary"
              style="white-space: nowrap;"
            >
              <svg
                fill="currentColor"
                height="1em"
                stroke="currentColor"
                stroke-width="0"
                style="margin-right: 0.2rem; vertical-align: bottom;"
                viewBox="0 0 448 512"
                width="1em"
                xmlns="http://www.w3.org/2000/svg"
              >
                <path
                  d="M80 56a24 24 0 1 1 0 48 24 24 0 1 1 0-48zm32.4 97.2c28-12.4 47.6-40.5 47.6-73.2c0-44.2-35.8-80-80-80S0 35.8 0 80c0 32.8 19.7 61 48 73.3V358.7C19.7 371 0 399.2 0 432c0 44.2 35.8 80 80 80s80-35.8 80-80c0-32.8-19.7-61-48-73.3V272c26.7 20.1 60 32 96 32h86.7c12.3 28.3 40.5 48 73.3 48c44.2 0 80-35.8 80-80s-35.8-80-80-80c-32.8 0-61 19.7-73.3 48H208c-49.9 0-91-38.1-95.6-86.8zM80 408a24 24 0 1 1 0 48 24 24 0 1 1 0-48zM344 272a24 24 0 1 1 48 0 24 24 0 1 1 -48 0z"
                />
              </svg>
              PRマージ
            </div>
          </div>
        </td>
      </tr>
      <tr>
        <td>
          2019/12/28
        </td>
        <td>
          <a
            data-mock="LinkMock"
            href="https://example.com/user2/repo2/pull/2"
            rel="noopener noreferrer"
            target="_blank"
            to="https://example.com/user2/repo2/pull/2"
          >
            Contribution #2
          </a>
        </td>
        <td>
          <a
            data-mock="LinkMock"
            href="https://github.com/user2/repo2"
            rel="noopener noreferrer"
            target="_blank"
            to="https://github.com/user2/repo2"
          >
            user2/repo2
          </a>
        </td>
        <td>
          <div
            style="display: flex; gap: 0.2rem; flex-wrap: wrap;"
          >
            <div
              class="badge badge--primary"
              style="white-space: nowrap;"
            >
              <svg
                fill="currentColor"
                height="1em"
                stroke="currentColor"
                stroke-width="0"
                style="margin-right: 0.2rem; vertical-align: bottom;"
                viewBox="0 0 448 512"
                width="1em"
                xmlns="http://www.w3.org/2000/svg"
              >
                <path
                  d="M80 56a24 24 0 1 1 0 48 24 24 0 1 1 0-48zm32.4 97.2c28-12.4 47.6-40.5 47.6-73.2c0-44.2-35.8-80-80-80S0 35.8 0 80c0 32.8 19.7 61 48 73.3V358.7C19.7 371 0 399.2 0 432c0 44.2 35.8 80 80 80s80-35.8 80-80c0-32.8-19.7-61-48-73.3V272c26.7 20.1 60 32 96 32h86.7c12.3 28.3 40.5 48 73.3 48c44.2 0 80-35.8 80-80s-35.8-80-80-80c-32.8 0-61 19.7-73.3 48H208c-49.9 0-91-38.1-95.6-86.8zM80 408a24 24 0 1 1 0 48 24 24 0 1 1 0-48zM344 272a24 24 0 1 1 48 0 24 24 0 1 1 -48 0z"
                />
              </svg>
              PRマージ
            </div>
          </div>
        </td>
      </tr>
      <tr>
        <td>
          2019/12/23
        </td>
        <td>
          <a
            data-mock="LinkMock"
            href="https://example.com/user3/repo3/pull/3"
            rel="noopener noreferrer"
            target="_blank"
            to="https://example.com/user3/repo3/pull/3"
          >
            Contribution #3
          </a>
        </td>
        <td>
          <a
            data-mock="LinkMock"
            href="https://github.com/user3/repo3"
            rel="noopener noreferrer"
            target="_blank"
            to="https://github.com/user3/repo3"
          >
            user3/repo3
          </a>
        </td>
        <td>
          <div
            style="display: flex; gap: 0.2rem; flex-wrap: wrap;"
          >
            <div
              class="badge badge--primary"
              style="white-space: nowrap;"
            >
              <svg
                fill="currentColor"
                height="1em"
                stroke="currentColor"
                stroke-width="0"
                style="margin-right: 0.2rem; vertical-align: bottom;"
                viewBox="0 0 448 512"
                width="1em"
                xmlns="http://www.w3.org/2000/svg"
              >
                <path
                  d="M80 56a24 24 0 1 1 0 48 24 24 0 1 1 0-48zm32.4 97.2c28-12.4 47.6-40.5 47.6-73.2c0-44.2-35.8-80-80-80S0 35.8 0 80c0 32.8 19.7 61 48 73.3V358.7C19.7 371 0 399.2 0 432c0 44.2 35.8 80 80 80s80-35.8 80-80c0-32.8-19.7-61-48-73.3V272c26.7 20.1 60 32 96 32h86.7c12.3 28.3 40.5 48 73.3 48c44.2 0 80-35.8 80-80s-35.8-80-80-80c-32.8 0-61 19.7-73.3 48H208c-49.9 0-91-38.1-95.6-86.8zM80 408a24 24 0 1 1 0 48 24 24 0 1 1 0-48zM344 272a24 24 0 1 1 48 0 24 24 0 1 1 -48 0z"
                />
              </svg>
              PRマージ
            </div>
          </div>
        </td>
      </tr>
      <tr>
        <td>
          2019/12/16
        </td>
        <td>
          <a
            data-mock="LinkMock"
            href="https://example.com/user4/repo4/pull/4"
            rel="noopener noreferrer"
            target="_blank"
            to="https://example.com/user4/repo4/pull/4"
          >
            Contribution #4
          </a>
        </td>
        <td>
          <a
            data-mock="LinkMock"
            href="https://github.com/user4/repo4"
            rel="noopener noreferrer"
            target="_blank"
            to="https://github.com/user4/repo4"
          >
            user4/repo4
          </a>
        </td>
        <td>
          <div
            style="display: flex; gap: 0.2rem; flex-wrap: wrap;"
          >
            <div
              class="badge badge--primary"
              style="white-space: nowrap;"
            >
              <svg
                fill="currentColor"
                height="1em"
                stroke="currentColor"
                stroke-width="0"
                style="margin-right: 0.2rem; vertical-align: bottom;"
                viewBox="0 0 448 512"
                width="1em"
                xmlns="http://www.w3.org/2000/svg"
              >
                <path
                  d="M80 56a24 24 0 1 1 0 48 24 24 0 1 1 0-48zm32.4 97.2c28-12.4 47.6-40.5 47.6-73.2c0-44.2-35.8-80-80-80S0 35.8 0 80c0 32.8 19.7 61 48 73.3V358.7C19.7 371 0 399.2 0 432c0 44.2 35.8 80 80 80s80-35.8 80-80c0-32.8-19.7-61-48-73.3V272c26.7 20.1 60 32 96 32h86.7c12.3 28.3 40.5 48 73.3 48c44.2 0 80-35.8 80-80s-35.8-80-80-80c-32.8 0-61 19.7-73.3 48H208c-49.9 0-91-38.1-95.6-86.8zM80 408a24 24 0 1 1 0 48 24 24 0 1 1 0-48zM344 272a24 24 0 1 1 48 0 24 24 0 1 1 -48 0z"
                />
              </svg>
              PRマージ
            </div>
          </div>
        </td>
      </tr>
      <tr>
        <td>
          2019/12/7
        </td>
        <td>
          <a
            data-mock="LinkMock"
            href="https://example.com/user5/repo5/pull/5"
            rel="noopener noreferrer"
            target="_blank"
            to="https://example.com/user5/repo5/pull/5"
          >
            Contribution #5
          </a>
        </td>
        <td>
          <a
            data-mock="LinkMock"
            href="https://github.com/user5/repo5"
            rel="noopener noreferrer"
            target="_blank"
            to="https://github.com/user5/repo5"
          >
            user5/repo5
          </a>
        </td>
        <td>
          <div
            style="display: flex; gap: 0.2rem; flex-wrap: wrap;"
          >
            <div
              class="badge badge--primary"
              style="white-space: nowrap;"
            >
              <svg
                fill="currentColor"
                height="1em"
                stroke="currentColor"
                stroke-width="0"
                style="margin-right: 0.2rem; vertical-align: bottom;"
                viewBox="0 0 448 512"
                width="1em"
                xmlns="http://www.w3.org/2000/svg"
              >
                <path
                  d="M80 56a24 24 0 1 1 0 48 24 24 0 1 1 0-48zm32.4 97.2c28-12.4 47.6-40.5 47.6-73.2c0-44.2-35.8-80-80-80S0 35.8 0 80c0 32.8 19.7 61 48 73.3V358.7C19.7 371 0 399.2 0 432c0 44.2 35.8 80 80 80s80-35.8 80-80c0-32.8-19.7-61-48-73.3V272c26.7 20.1 60 32 96 32h86.7c12.3 28.3 40.5 48 73.3 48c44.2 0 80-35.8 80-80s-35.8-80-80-80c-32.8 0-61 19.7-73.3 48H208c-49.9 0-91-38.1-95.6-86.8zM80 408a24 24 0 1 1 0 48 24 24 0 1 1 0-48zM344 272a24 24 0 1 1 48 0 24 24 0 1 1 -48 0z"
                />
              </svg>
              PRマージ
            </div>
          </div>
        </td>
      </tr>
      <tr>
        <td>
          2019/11/26
        </td>
        <td>
          <a
            data-mock="LinkMock"
            href="https://example.com/user6/repo6/pull/6"
            rel="noopener noreferrer"
            target="_blank"
            to="https://example.com/user6/repo6/pull/6"
          >
            Contribution #6
          </a>
        </td>
        <td>
          <a
            data-mock="LinkMock"
            href="https://github.com/user6/repo6"
            rel="noopener noreferrer"
            target="_blank"
            to="https://github.com/user6/repo6"
          >
            user6/repo6
          </a>
        </td>
        <td>
          <div
            style="display: flex; gap: 0.2rem; flex-wrap: wrap;"
          >
            <div
              class="badge badge--primary"
              style="white-space: nowrap;"
            >
              <svg
                fill="currentColor"
                height="1em"
                stroke="currentColor"
                stroke-width="0"
                style="margin-right: 0.2rem; vertical-align: bottom;"
                viewBox="0 0 448 512"
                width="1em"
                xmlns="http://www.w3.org/2000/svg"
              >
                <path
                  d="M80 56a24 24 0 1 1 0 48 24 24 0 1 1 0-48zm32.4 97.2c28-12.4 47.6-40.5 47.6-73.2c0-44.2-35.8-80-80-80S0 35.8 0 80c0 32.8 19.7 61 48 73.3V358.7C19.7 371 0 399.2 0 432c0 44.2 35.8 80 80 80s80-35.8 80-80c0-32.8-19.7-61-48-73.3V272c26.7 20.1 60 32 96 32h86.7c12.3 28.3 40.5 48 73.3 48c44.2 0 80-35.8 80-80s-35.8-80-80-80c-32.8 0-61 19.7-73.3 48H208c-49.9 0-91-38.1-95.6-86.8zM80 408a24 24 0 1 1 0 48 24 24 0 1 1 0-48zM344 272a24 24 0 1 1 48 0 24 24 0 1 1 -48 0z"
                />
              </svg>
              PRマージ
            </div>
          </div>
        </td>
      </tr>
      <tr>
        <td>
          2019/11/13
        </td>
        <td>
          <a
            data-mock="LinkMock"
            href="https://example.com/user7/repo7/pull/7"
            rel="noopener noreferrer"
            target="_blank"
            to="https://example.com/user7/repo7/pull/7"
          >
            Contribution #7
          </a>
        </td>
        <td>
          <a
            data-mock="LinkMock"
            href="https://github.com/user7/repo7"
            rel="noopener noreferrer"
            target="_blank"
            to="https://github.com/user7/repo7"
          >
            user7/repo7
          </a>
        </td>
        <td>
          <div
            style="display: flex; gap: 0.2rem; flex-wrap: wrap;"
          >
            <div
              class="badge badge--primary"
              style="white-space: nowrap;"
            >
              <svg
                fill="currentColor"
                height="1em"
                stroke="currentColor"
                stroke-width="0"
                style="margin-right: 0.2rem; vertical-align: bottom;"
                viewBox="0 0 448 512"
                width="1em"
                xmlns="http://www.w3.org/2000/svg"
              >
                <path
                  d="M80 56a24 24 0 1 1 0 48 24 24 0 1 1 0-48zm32.4 97.2c28-12.4 47.6-40.5 47.6-73.2c0-44.2-35.8-80-80-80S0 35.8 0 80c0 32.8 19.7 61 48 73.3V358.7C19.7 371 0 399.2 0 432c0 44.2 35.8 80 80 80s80-35.8 80-80c0-32.8-19.7-61-48-73.3V272c26.7 20.1 60 32 96 32h86.7c12.3 28.3 40.5 48 73.3 48c44.2 0 80-35.8 80-80s-35.8-80-80-80c-32.8 0-61 19.7-73.3 48H208c-49.9 0-91-38.1-95.6-86.8zM80 408a24 24 0 1 1 0 48 24 24 0 1 1 0-48zM344 272a24 24 0 1 1 48 0 24 24 0 1 1 -48 0z"
                />
              </svg>
              PRマージ
            </div>
          </div>
        </td>
      </tr>
      <tr>
        <td>
          2019/10/29
        </td>
        <td>
          <a
            data-mock="LinkMock"
            href="https://example.com/user8/repo8/pull/8"
            rel="noopener noreferrer"
            target="_blank"
            to="https://example.com/user8/repo8/pull/8"
          >
            Contribution #8
          </a>
        </td>
        <td>
          <a
            data-mock="LinkMock"
            href="https://github.com/user8/repo8"
            rel="noopener noreferrer"
            target="_blank"
            to="https://github.com/user8/repo8"
          >
            user8/repo8
          </a>
        </td>
        <td>
          <div
            style="display: flex; gap: 0.2rem; flex-wrap: wrap;"
          >
            <div
              class="badge badge--primary"
              style="white-space: nowrap;"
            >
              <svg
                fill="currentColor"
                height="1em"
                stroke="currentColor"
                stroke-width="0"
                style="margin-right: 0.2rem; vertical-align: bottom;"
                viewBox="0 0 448 512"
                width="1em"
                xmlns="http://www.w3.org/2000/svg"
              >
                <path
                  d="M80 56a24 24 0 1 1 0 48 24 24 0 1 1 0-48zm32.4 97.2c28-12.4 47.6-40.5 47.6-73.2c0-44.2-35.8-80-80-80S0 35.8 0 80c0 32.8 19.7 61 48 73.3V358.7C19.7 371 0 399.2 0 432c0 44.2 35.8 80 80 80s80-35.8 80-80c0-32.8-19.7-61-48-73.3V272c26.7 20.1 60 32 96 32h86.7c12.3 28.3 40.5 48 73.3 48c44.2 0 80-35.8 80-80s-35.8-80-80-80c-32.8 0-61 19.7-73.3 48H208c-49.9 0-91-38.1-95.6-86.8zM80 408a24 24 0 1 1 0 48 24 24 0 1 1 0-48zM344 272a24 24 0 1 1 48 0 24 24 0 1 1 -48 0z"
                />
              </svg>
              PRマージ
            </div>
          </div>
        </td>
      </tr>
      <tr>
        <td>
          2019/10/12
        </td>
        <td>
          <a
            data-mock="LinkMock"
            href="https://example.com/user9/repo9/pull/9"
            rel="noopener noreferrer"
            target="_blank"
            to="https://example.com/user9/repo9/pull/9"
          >
            Contribution #9
          </a>
        </td>
        <td>
          <a
            data-mock="LinkMock"
            href="https://github.com/user9/repo9"
            rel="noopener noreferrer"
            target="_blank"
            to="https://github.com/user9/repo9"
          >
            user9/repo9
          </a>
        </td>
        <td>
          <div
            style="display: flex; gap: 0.2rem; flex-wrap: wrap;"
          >
            <div
              class="badge badge--primary"
              style="white-space: nowrap;"
            >
              <svg
                fill="currentColor"
                height="1em"
                stroke="currentColor"
                stroke-width="0"
                style="margin-right: 0.2rem; vertical-align: bottom;"
                viewBox="0 0 448 512"
                width="1em"
                xmlns="http://www.w3.org/2000/svg"
              >
                <path
                  d="M80 56a24 24 0 1 1 0 48 24 24 0 1 1 0-48zm32.4 97.2c28-12.4 47.6-40.5 47.6-73.2c0-44.2-35.8-80-80-80S0 35.8 0 80c0 32.8 19.7 61 48 73.3V358.7C19.7 371 0 399.2 0 432c0 44.2 35.8 80 80 80s80-35.8 80-80c0-32.8-19.7-61-48-73.3V272c26.7 20.1 60 32 96 32h86.7c12.3 28.3 40.5 48 73.3 48c44.2 0 80-35.8 80-80s-35.8-80-80-80c-32.8 0-61 19.7-73.3 48H208c-49.9 0-91-38.1-95.6-86.8zM80 408a24 24 0 1 1 0 48 24 24 0 1 1 0-48zM344 272a24 24 0 1 1 48 0 24 24 0 1 1 -48 0z"
                />
              </svg>
              PRマージ
            </div>
          </div>
        </td>
      </tr>
    </tbody>
  </table>
</div>
`;
