// Jest Snapshot v1, https://goo.gl/fbAQLP

exports[`ProfileImages スナップショットテスト プロフィール画像が描画される 1`] = `
<div>
  <div
    class="avatar"
  >
    <a
      class="avatar__photo-link avatar__photo avatar__photo--lg"
      data-mock="LinkMock"
      href="test-file-stub"
      target="_blank"
      to="test-file-stub"
    >
      <picture>
        <source
          srcset="test-file-stub"
          type="image/webp"
        />
        <img
          alt="コウテイペンギン"
          src="test-file-stub"
          srcset="test-file-stub 128w,test-file-stub 400w"
          title="コウテイペンギン"
        />
      </picture>
    </a>
    <a
      class="avatar__photo-link avatar__photo avatar__photo--lg"
      data-mock="LinkMock"
      href="test-file-stub"
      target="_blank"
      to="test-file-stub"
    >
      <picture>
        <source
          srcset="test-file-stub"
          type="image/webp"
        />
        <img
          alt="近影"
          src="test-file-stub"
          srcset="test-file-stub 128w,test-file-stub 400w"
          title="近影"
        />
      </picture>
    </a>
    <div
      class="avatar__intro"
    >
      <div
        class="avatar__name"
      />
      <small
        class="avatar__subtitle"
      />
    </div>
  </div>
</div>
`;
